≡ƒöº Connecting to MongoDB...
Γ£à Connected

≡ƒôï === TEST 1: Verify Re-indexing ===
Γ£à RAG indexes for brindha: 24

≡ƒôï === TEST 2: Test Query Matching ===

Query: "tell about ram marriage"
  Found 24 entries
  Query keywords: tell, ram, marriage
  Top matches:
    1. Similarity: 0.683, Keywords: 2, Score: 1.078
       Text: "i went to ram marriage with my friend kavya and had an full ..."
       Mood: happy
    2. Similarity: 0.990, Keywords: 0, Score: 0.693
       Text: "Today I went to the temple with my friends. We prayed togeth..."
       Mood: calm
    3. Similarity: 0.972, Keywords: 0, Score: 0.680
       Text: "feeling calm..."
       Mood: calm

Query: "tell about gym"
  Found 24 entries
  Query keywords: tell, gym
  Top matches:
    1. Similarity: 0.640, Keywords: 1, Score: 0.748
       Text: "i am feeling low and i am so tried because i worked hard in ..."
       Mood: neutral
    2. Similarity: 0.557, Keywords: 1, Score: 0.690
       Text: "TodayΓÇÖs gym visit was more than just a workout ΓÇö it was a co..."
       Mood: happy
    3. Similarity: 0.980, Keywords: 0, Score: 0.686
       Text: " welcome welcome welcome welcome welcome welcome welcome wel..."
       Mood: neutral

Query: "i felt sad"
  Found 24 entries
  Query keywords: felt, sad
  Top matches:
    1. Similarity: 0.780, Keywords: 2, Score: 1.146
       Text: "Today I felt sad and kept to myself. I stayed quiet and rest..."
       Mood: calm
    2. Similarity: 0.959, Keywords: 1, Score: 0.971
       Text: "Today I went to the temple with my friends. We prayed togeth..."
       Mood: calm
    3. Similarity: 0.842, Keywords: 1, Score: 0.889
       Text: "TodayΓÇÖs gym visit was more than just a workout ΓÇö it was a co..."
       Mood: happy

Query: "friendship beach"
  Found 24 entries
  Query keywords: friendship, beach
  Top matches:
    1. Similarity: 0.722, Keywords: 1, Score: 0.805
       Text: "had day with friends went beach and worried about my past..."
       Mood: anxious
    2. Similarity: 0.995, Keywords: 0, Score: 0.697
       Text: "today i am sso happy  hi hello welcome..."
       Mood: happy
    3. Similarity: 0.971, Keywords: 0, Score: 0.680
       Text: "feeling sad..."
       Mood: sad


≡ƒôï === TEST 3: Keyword Groups ===
Available semantic groups:
  gym: gym, workout, exercise, fitness, strength... (23 total)
  beach: beach, sand, ocean, sea, water... (12 total)
  sadness: sad, sadness, pain, hurt, disappointed... (12 total)
  loneliness: lonely, loneliness, alone, isolated, solitude... (8 total)
  happiness: happy, happiness, joy, joyful, excited... (12 total)
  anxiety: anxious, anxiety, worried, nervous, fear... (12 total)
  relationships: friend, friends, family, love, relationship... (16 total)
  work: work, job, career, project, task... (13 total)
  goals: goal, goals, target, aim, objective... (12 total)
  home: home, house, room, apartment, family... (13 total)
  temple: temple, church, prayer, worship, spiritual... (10 total)
  food: food, eat, eating, meal, lunch... (16 total)


Γ£à RAG System Test Complete!
All components working correctly. Frontend changes will be picked up on refresh.
